Traceback (most recent call last):
  File "C:\Users\planeacion\miniconda3\envs\ml_venv\lib\site-packages\jupyter_cache\executors\utils.py", line 58, in single_nb_execution
    executenb(
  File "C:\Users\planeacion\miniconda3\envs\ml_venv\lib\site-packages\nbclient\client.py", line 1305, in execute
    return NotebookClient(nb=nb, resources=resources, km=km, **kwargs).execute()
  File "C:\Users\planeacion\miniconda3\envs\ml_venv\lib\site-packages\jupyter_core\utils\__init__.py", line 166, in wrapped
    return loop.run_until_complete(inner)
  File "C:\Users\planeacion\miniconda3\envs\ml_venv\lib\asyncio\base_events.py", line 647, in run_until_complete
    return future.result()
  File "C:\Users\planeacion\miniconda3\envs\ml_venv\lib\site-packages\nbclient\client.py", line 705, in async_execute
    await self.async_execute_cell(
  File "C:\Users\planeacion\miniconda3\envs\ml_venv\lib\site-packages\nbclient\client.py", line 1058, in async_execute_cell
    await self._check_raise_for_error(cell, cell_index, exec_reply)
  File "C:\Users\planeacion\miniconda3\envs\ml_venv\lib\site-packages\nbclient\client.py", line 914, in _check_raise_for_error
    raise CellExecutionError.from_cell_and_msg(cell, exec_reply_content)
nbclient.exceptions.CellExecutionError: An error occurred while executing the following cell:
------------------
## ============================================================
##  L4 GPU — script de máximo rendimiento para Colab Pro
##  Pega esto en una sola celda y ejecútalo
## ============================================================

import torch
import torch.nn as nn
import os, time, warnings
warnings.filterwarnings('ignore')

# ── 1. Verificar GPU ─────────────────────────────────────────
assert torch.cuda.is_available(), "No hay GPU. Cambia el runtime a L4."
device = torch.device('cuda')
gpu_name = torch.cuda.get_device_name(0)
vram_gb  = torch.cuda.get_device_properties(0).total_memory / 1e9
print(f"GPU detectada : {gpu_name}")
print(f"VRAM total    : {vram_gb:.1f} GB")

# ── 2. Optimizaciones del sistema ────────────────────────────
torch.backends.cuda.matmul.allow_tf32 = True   # TF32 en matmul → más rápido
torch.backends.cudnn.allow_tf32       = True   # TF32 en cuDNN
torch.backends.cudnn.benchmark        = True   # autotuning de kernels
torch.backends.cudnn.deterministic    = False  # sin esto benchmark no funciona

os.environ['PYTORCH_CUDA_ALLOC_CONF'] = 'expandable_segments:True'  # evita OOM por fragmentación
os.environ['TOKENIZERS_PARALLELISM']    = 'false'                     # silencia warnings HuggingFace

print("Optimizaciones del sistema: OK")

# ── 3. Configurar streams CUDA ───────────────────────────────
#  Permite solapar cómputo y transferencias CPU↔GPU
compute_stream  = torch.cuda.Stream()
transfer_stream = torch.cuda.Stream()
print("CUDA streams: OK")

# ── 4. Helpers de memoria ────────────────────────────────────
def vram():
    used  = torch.cuda.memory_allocated() / 1e9
    total = torch.cuda.get_device_properties(0).total_memory / 1e9
    print(f"VRAM usada: {used:.2f} / {total:.1f} GB ({used/total*100:.1f}%)")

def clear_gpu():
    torch.cuda.empty_cache()
    torch.cuda.ipc_collect()
    print("Cache GPU limpiada")

# ── 5. Entrenamiento con AMP (Automatic Mixed Precision) ─────
#  AMP usa float16 donde puede → el doble de throughput en la L4
def train_con_amp(model, loader, epochs=3, lr=1e-3):
    model = model.to(device)
    optimizer = torch.optim.AdamW(model.parameters(), lr=lr, fused=True)  # fused → más rápido en CUDA
    criterion = nn.CrossEntropyLoss()
    scaler    = torch.cuda.amp.GradScaler()  # escala pérdidas para FP16

    for epoch in range(epochs):
        model.train()
        total_loss, t0 = 0, time.time()

        for xb, yb in loader:
            xb = xb.to(device, non_blocking=True)  # non_blocking → solapado con cómputo
            yb = yb.to(device, non_blocking=True)

            optimizer.zero_grad(set_to_none=True)  # más rápido que zero_grad()

            with torch.autocast(device_type='cuda', dtype=torch.float16):
                loss = criterion(model(xb), yb)

            scaler.scale(loss).backward()
            scaler.unscale_(optimizer)
            nn.utils.clip_grad_norm_(model.parameters(), 1.0)  # estabilidad
            scaler.step(optimizer)
            scaler.update()

            total_loss += loss.item()

        elapsed = time.time() - t0
        print(f"Epoch {epoch+1}/{epochs} | Loss: {total_loss/len(loader):.4f} | {elapsed:.1f}s")

    return model

# ── 6. Demo: modelo + datos de prueba ────────────────────────
model = nn.Sequential(
    nn.Linear(256, 1024), nn.GELU(),
    nn.Linear(1024, 512),  nn.GELU(),
    nn.Linear(512, 10)
)

# pin_memory=True → transfiere datos a GPU mucho más rápido
from torch.utils.data import DataLoader, TensorDataset
X  = torch.randn(20_000, 256)
y  = torch.randint(0, 10, (20_000,))
ds = TensorDataset(X, y)
loader = DataLoader(
    ds,
    batch_size  = 1024,
    shuffle     = True,
    num_workers = 2,      # carga datos en paralelo
    pin_memory  = True,   # DMA directo a GPU
    prefetch_factor = 2   # prefetch de batches
)

print("\nIniciando entrenamiento optimizado...")
vram()
model = train_con_amp(model, loader)
print("\nListo. Estado final de VRAM:")
vram()

# ── 7. Compilar modelo (torch.compile) ───────────────────────
#  Descomenta si usas PyTorch 2.x — reduce latencia hasta un 30%
# model = torch.compile(model, mode='max-autotune')
------------------


[1;31m---------------------------------------------------------------------------[0m
[1;31mModuleNotFoundError[0m                       Traceback (most recent call last)
Cell [1;32mIn[1], line 6[0m
[0;32m      1[0m [38;5;66;03m## ============================================================[39;00m
[0;32m      2[0m [38;5;66;03m##  L4 GPU — script de máximo rendimiento para Colab Pro[39;00m
[0;32m      3[0m [38;5;66;03m##  Pega esto en una sola celda y ejecútalo[39;00m
[0;32m      4[0m [38;5;66;03m## ============================================================[39;00m
[1;32m----> 6[0m [38;5;28;01mimport[39;00m[38;5;250m [39m[38;5;21;01mtorch[39;00m
[0;32m      7[0m [38;5;28;01mimport[39;00m[38;5;250m [39m[38;5;21;01mtorch[39;00m[38;5;21;01m.[39;00m[38;5;21;01mnn[39;00m[38;5;250m [39m[38;5;28;01mas[39;00m[38;5;250m [39m[38;5;21;01mnn[39;00m
[0;32m      8[0m [38;5;28;01mimport[39;00m[38;5;250m [39m[38;5;21;01mos[39;00m[38;5;241m,[39m[38;5;250m [39m[38;5;21;01mtime[39;00m[38;5;241m,[39m[38;5;250m [39m[38;5;21;01mwarnings[39;00m

[1;31mModuleNotFoundError[0m: No module named 'torch'

